// Vitest Snapshot v1, https://vitest.dev/guide/snapshot.html

exports[`nation gold per minute > world map, impossible nations, 20 minutes 1`] = `
{
  "aliveNations": 40,
  "perMinute": [
    {
      "cities": 0,
      "factories": 0,
      "minute": 1,
      "ports": 0,
      "shipsArrived": 0,
      "tradeGold": 0,
      "tradeShipsAtSea": 0,
      "trainGold": 0,
      "trainStops": 0,
      "trainsRunning": 0,
    },
    {
      "cities": 1,
      "factories": 0,
      "minute": 2,
      "ports": 0,
      "shipsArrived": 0,
      "tradeGold": 0,
      "tradeShipsAtSea": 0,
      "trainGold": 0,
      "trainStops": 0,
      "trainsRunning": 0,
    },
    {
      "cities": 59,
      "factories": 0,
      "minute": 3,
      "ports": 1,
      "shipsArrived": 0,
      "tradeGold": 0,
      "tradeShipsAtSea": 0,
      "trainGold": 0,
      "trainStops": 0,
      "trainsRunning": 0,
    },
    {
      "cities": 60,
      "factories": 0,
      "minute": 4,
      "ports": 3,
      "shipsArrived": 1,
      "tradeGold": 198500,
      "tradeShipsAtSea": 13,
      "trainGold": 0,
      "trainStops": 0,
      "trainsRunning": 0,
    },
    {
      "cities": 63,
      "factories": 2,
      "minute": 5,
      "ports": 9,
      "shipsArrived": 11,
      "tradeGold": 2079000,
      "tradeShipsAtSea": 26,
      "trainGold": 180000,
      "trainStops": 6,
      "trainsRunning": 7,
    },
    {
      "cities": 68,
      "factories": 2,
      "minute": 6,
      "ports": 10,
      "shipsArrived": 7,
      "tradeGold": 1544000,
      "tradeShipsAtSea": 72,
      "trainGold": 420000,
      "trainStops": 8,
      "trainsRunning": 7,
    },
    {
      "cities": 70,
      "factories": 2,
      "minute": 7,
      "ports": 18,
      "shipsArrived": 47,
      "tradeGold": 10170000,
      "tradeShipsAtSea": 100,
      "trainGold": 660000,
      "trainStops": 20,
      "trainsRunning": 0,
    },
    {
      "cities": 71,
      "factories": 2,
      "minute": 8,
      "ports": 21,
      "shipsArrived": 60,
      "tradeGold": 13470000,
      "tradeShipsAtSea": 146,
      "trainGold": 330000,
      "trainStops": 9,
      "trainsRunning": 7,
    },
    {
      "cities": 75,
      "factories": 4,
      "minute": 9,
      "ports": 26,
      "shipsArrived": 79,
      "tradeGold": 19050000,
      "tradeShipsAtSea": 158,
      "trainGold": 570000,
      "trainStops": 17,
      "trainsRunning": 21,
    },
    {
      "cities": 80,
      "factories": 6,
      "minute": 10,
      "ports": 32,
      "shipsArrived": 82,
      "tradeGold": 19220000,
      "tradeShipsAtSea": 202,
      "trainGold": 1560000,
      "trainStops": 40,
      "trainsRunning": 21,
    },
    {
      "cities": 89,
      "factories": 7,
      "minute": 11,
      "ports": 42,
      "shipsArrived": 112,
      "tradeGold": 27530000,
      "tradeShipsAtSea": 243,
      "trainGold": 2280000,
      "trainStops": 64,
      "trainsRunning": 49,
    },
    {
      "cities": 96,
      "factories": 8,
      "minute": 12,
      "ports": 50,
      "shipsArrived": 135,
      "tradeGold": 31010000,
      "tradeShipsAtSea": 285,
      "trainGold": 2810000,
      "trainStops": 69,
      "trainsRunning": 56,
    },
    {
      "cities": 96,
      "factories": 9,
      "minute": 13,
      "ports": 54,
      "shipsArrived": 151,
      "tradeGold": 39430000,
      "tradeShipsAtSea": 311,
      "trainGold": 3420000,
      "trainStops": 95,
      "trainsRunning": 63,
    },
    {
      "cities": 102,
      "factories": 10,
      "minute": 14,
      "ports": 57,
      "shipsArrived": 158,
      "tradeGold": 35810000,
      "tradeShipsAtSea": 295,
      "trainGold": 2470000,
      "trainStops": 79,
      "trainsRunning": 63,
    },
    {
      "cities": 102,
      "factories": 11,
      "minute": 15,
      "ports": 58,
      "shipsArrived": 170,
      "tradeGold": 39020000,
      "tradeShipsAtSea": 322,
      "trainGold": 2130000,
      "trainStops": 73,
      "trainsRunning": 28,
    },
    {
      "cities": 100,
      "factories": 12,
      "minute": 16,
      "ports": 56,
      "shipsArrived": 171,
      "tradeGold": 41540000,
      "tradeShipsAtSea": 305,
      "trainGold": 1540000,
      "trainStops": 54,
      "trainsRunning": 21,
    },
    {
      "cities": 101,
      "factories": 14,
      "minute": 17,
      "ports": 58,
      "shipsArrived": 171,
      "tradeGold": 41870000,
      "tradeShipsAtSea": 335,
      "trainGold": 1220000,
      "trainStops": 50,
      "trainsRunning": 42,
    },
    {
      "cities": 102,
      "factories": 16,
      "minute": 18,
      "ports": 58,
      "shipsArrived": 184,
      "tradeGold": 44690000,
      "tradeShipsAtSea": 343,
      "trainGold": 2600000,
      "trainStops": 100,
      "trainsRunning": 35,
    },
    {
      "cities": 104,
      "factories": 17,
      "minute": 19,
      "ports": 63,
      "shipsArrived": 200,
      "tradeGold": 50060000,
      "tradeShipsAtSea": 343,
      "trainGold": 1330000,
      "trainStops": 49,
      "trainsRunning": 7,
    },
    {
      "cities": 102,
      "factories": 17,
      "minute": 20,
      "ports": 65,
      "shipsArrived": 179,
      "tradeGold": 43630000,
      "tradeShipsAtSea": 377,
      "trainGold": 2780000,
      "trainStops": 80,
      "trainsRunning": 49,
    },
  ],
  "totals": {
    "shipsArrived": 1918,
    "tradeGold": 460300000,
    "trainGold": 26300000,
    "trainStops": 813,
  },
}
`;
