// Vitest Snapshot v1, https://vitest.dev/guide/snapshot.html

exports[`nation gold per minute > world map, impossible nations, 20 minutes 1`] = `
{
  "aliveNations": 39,
  "perMinute": [
    {
      "cities": 0,
      "factories": 0,
      "minute": 1,
      "ports": 0,
      "shipsArrived": 0,
      "tradeGold": 0,
      "tradeShipsAtSea": 0,
      "trainGold": 0,
      "trainStops": 0,
      "trainsRunning": 0,
    },
    {
      "cities": 2,
      "factories": 0,
      "minute": 2,
      "ports": 0,
      "shipsArrived": 0,
      "tradeGold": 0,
      "tradeShipsAtSea": 0,
      "trainGold": 0,
      "trainStops": 0,
      "trainsRunning": 0,
    },
    {
      "cities": 59,
      "factories": 0,
      "minute": 3,
      "ports": 0,
      "shipsArrived": 0,
      "tradeGold": 0,
      "tradeShipsAtSea": 0,
      "trainGold": 0,
      "trainStops": 0,
      "trainsRunning": 0,
    },
    {
      "cities": 59,
      "factories": 1,
      "minute": 4,
      "ports": 5,
      "shipsArrived": 0,
      "tradeGold": 0,
      "tradeShipsAtSea": 2,
      "trainGold": 10000,
      "trainStops": 1,
      "trainsRunning": 0,
    },
    {
      "cities": 59,
      "factories": 1,
      "minute": 5,
      "ports": 10,
      "shipsArrived": 4,
      "tradeGold": 231700,
      "tradeShipsAtSea": 48,
      "trainGold": 390000,
      "trainStops": 9,
      "trainsRunning": 0,
    },
    {
      "cities": 64,
      "factories": 1,
      "minute": 6,
      "ports": 19,
      "shipsArrived": 22,
      "tradeGold": 3761000,
      "tradeShipsAtSea": 95,
      "trainGold": 290000,
      "trainStops": 5,
      "trainsRunning": 0,
    },
    {
      "cities": 68,
      "factories": 1,
      "minute": 7,
      "ports": 24,
      "shipsArrived": 49,
      "tradeGold": 10680000,
      "tradeShipsAtSea": 155,
      "trainGold": 490000,
      "trainStops": 11,
      "trainsRunning": 14,
    },
    {
      "cities": 73,
      "factories": 2,
      "minute": 8,
      "ports": 27,
      "shipsArrived": 82,
      "tradeGold": 18290000,
      "tradeShipsAtSea": 180,
      "trainGold": 290000,
      "trainStops": 5,
      "trainsRunning": 0,
    },
    {
      "cities": 80,
      "factories": 5,
      "minute": 9,
      "ports": 33,
      "shipsArrived": 98,
      "tradeGold": 23280000,
      "tradeShipsAtSea": 215,
      "trainGold": 1630000,
      "trainStops": 39,
      "trainsRunning": 28,
    },
    {
      "cities": 88,
      "factories": 8,
      "minute": 10,
      "ports": 39,
      "shipsArrived": 134,
      "tradeGold": 33570000,
      "tradeShipsAtSea": 241,
      "trainGold": 2030000,
      "trainStops": 49,
      "trainsRunning": 28,
    },
    {
      "cities": 91,
      "factories": 12,
      "minute": 11,
      "ports": 44,
      "shipsArrived": 129,
      "tradeGold": 30570000,
      "tradeShipsAtSea": 256,
      "trainGold": 1820000,
      "trainStops": 50,
      "trainsRunning": 28,
    },
    {
      "cities": 91,
      "factories": 12,
      "minute": 12,
      "ports": 47,
      "shipsArrived": 95,
      "tradeGold": 27670000,
      "tradeShipsAtSea": 278,
      "trainGold": 4590000,
      "trainStops": 121,
      "trainsRunning": 42,
    },
    {
      "cities": 93,
      "factories": 12,
      "minute": 13,
      "ports": 51,
      "shipsArrived": 132,
      "tradeGold": 35060000,
      "tradeShipsAtSea": 282,
      "trainGold": 2120000,
      "trainStops": 60,
      "trainsRunning": 28,
    },
    {
      "cities": 96,
      "factories": 11,
      "minute": 14,
      "ports": 54,
      "shipsArrived": 144,
      "tradeGold": 35580000,
      "tradeShipsAtSea": 317,
      "trainGold": 2020000,
      "trainStops": 60,
      "trainsRunning": 28,
    },
    {
      "cities": 99,
      "factories": 12,
      "minute": 15,
      "ports": 53,
      "shipsArrived": 157,
      "tradeGold": 41760000,
      "tradeShipsAtSea": 331,
      "trainGold": 890000,
      "trainStops": 49,
      "trainsRunning": 21,
    },
    {
      "cities": 97,
      "factories": 13,
      "minute": 16,
      "ports": 57,
      "shipsArrived": 179,
      "tradeGold": 46900000,
      "tradeShipsAtSea": 330,
      "trainGold": 1040000,
      "trainStops": 64,
      "trainsRunning": 28,
    },
    {
      "cities": 97,
      "factories": 14,
      "minute": 17,
      "ports": 57,
      "shipsArrived": 175,
      "tradeGold": 43110000,
      "tradeShipsAtSea": 336,
      "trainGold": 1380000,
      "trainStops": 64,
      "trainsRunning": 28,
    },
    {
      "cities": 95,
      "factories": 13,
      "minute": 18,
      "ports": 58,
      "shipsArrived": 182,
      "tradeGold": 44320000,
      "tradeShipsAtSea": 333,
      "trainGold": 2220000,
      "trainStops": 82,
      "trainsRunning": 42,
    },
    {
      "cities": 93,
      "factories": 13,
      "minute": 19,
      "ports": 60,
      "shipsArrived": 177,
      "tradeGold": 43340000,
      "tradeShipsAtSea": 349,
      "trainGold": 2340000,
      "trainStops": 62,
      "trainsRunning": 28,
    },
    {
      "cities": 92,
      "factories": 14,
      "minute": 20,
      "ports": 65,
      "shipsArrived": 204,
      "tradeGold": 48280000,
      "tradeShipsAtSea": 349,
      "trainGold": 2920000,
      "trainStops": 102,
      "trainsRunning": 49,
    },
  ],
  "totals": {
    "shipsArrived": 1963,
    "tradeGold": 486400000,
    "trainGold": 26470000,
    "trainStops": 833,
  },
}
`;
